// Jest Snapshot v1, https://goo.gl/fbAQLP

exports[`CalculatorPage component renders correctly 1`] = `
<div
  className="calculator-page-container"
>
  <div
    className="calculator-description"
  >
    <h1>
      Let's do some Maths!
    </h1>
    <p>
      Use this calculator to perform basic arithmetic operations such as addition, subtraction, multiplication, and division.
    </p>
  </div>
  <div
    className="calculator-container"
  >
    <div
      className="calculator"
    >
      <div
        className="display"
      >
        0
      </div>
      <div
        className="buttons"
      >
        <button
          className="ac"
          onClick={[Function]}
          type="button"
        >
          AC
        </button>
        <button
          className="pm"
          onClick={[Function]}
          type="button"
        >
          ±
        </button>
        <button
          className="percent"
          onClick={[Function]}
          type="button"
        >
          %
        </button>
        <button
          className="operator"
          onClick={[Function]}
          type="button"
        >
          ÷
        </button>
        <button
          className="number"
          onClick={[Function]}
          type="button"
        >
          7
        </button>
        <button
          className="number"
          onClick={[Function]}
          type="button"
        >
          8
        </button>
        <button
          className="number"
          onClick={[Function]}
          type="button"
        >
          9
        </button>
        <button
          className="operator"
          onClick={[Function]}
          type="button"
        >
          ×
        </button>
        <button
          className="number"
          onClick={[Function]}
          type="button"
        >
          4
        </button>
        <button
          className="number"
          onClick={[Function]}
          type="button"
        >
          5
        </button>
        <button
          className="number"
          onClick={[Function]}
          type="button"
        >
          6
        </button>
        <button
          className="operator"
          onClick={[Function]}
          type="button"
        >
          −
        </button>
        <button
          className="number"
          onClick={[Function]}
          type="button"
        >
          1
        </button>
        <button
          className="number"
          onClick={[Function]}
          type="button"
        >
          2
        </button>
        <button
          className="number"
          onClick={[Function]}
          type="button"
        >
          3
        </button>
        <button
          className="operator"
          onClick={[Function]}
          type="button"
        >
          +
        </button>
        <button
          className="zero number"
          onClick={[Function]}
          type="button"
        >
          0
        </button>
        <button
          className="number"
          onClick={[Function]}
          type="button"
        >
          .
        </button>
        <button
          className="equal operator"
          onClick={[Function]}
          type="button"
        >
          =
        </button>
      </div>
    </div>
  </div>
</div>
`;
